// Jest Snapshot v1, https://goo.gl/fbAQLP

exports[`@babel/plugin-insert-parameter should file transformed right 1`] = `
"\\"use strict\\";

Object.defineProperty(exports, \\"__esModule\\", {
  value: true
});
exports.default = void 0;

var _reactNativeAdaptiveStylesheet = _interopRequireDefault(require(\\"react-native-adaptive-stylesheet\\"));

function _interopRequireDefault(obj) { return obj && obj.__esModule ? obj : { default: obj }; }

var _default = _reactNativeAdaptiveStylesheet.default.create({
  container: {
    backgroundColor: '#CCECDB',
    paddingHorizontal: 20
  },
  formContainer: {
    paddingHorizontal: 25,
    paddingTop: 20,
    paddingBottom: 39,
    marginBottom: 30,
    backgroundColor: '#F8F8F8',
    borderRadius: 15
  },
  loading: {
    flex: 1,
    justifyContent: 'center',
    flexDirection: 'row',
    padding: 50
  }
});

exports.default = _default;"
`;
