// Jest Snapshot v1, https://goo.gl/fbAQLP

exports[`@babel/plugin-insert-parameter should file transformed right 1`] = `
"\\"use strict\\";

Object.defineProperty(exports, \\"__esModule\\", {
  value: true
});
exports.default = void 0;
console.log(\\"input/test.js: Ln 1, Col 0)\\")
console.log(1);

function func() {
  console.log(\\"input/test.js: Ln 4, Col 2)\\")
  console.info(2);
}

class Clazz {
  say() {
    console.log(\\"input/test.js: Ln 9, Col 4)\\")
    console.debug(3);
  }

  render() {
    return <div>{[console.log(\\"input/test.js: Ln 12, Col 17)\\"), console.error(4)]}</div>;
  }

}

exports.default = Clazz;"
`;
